table_schema	table_name	column_name	ordinal_position
eaas_s4	ALPGroupUsersTemp	GroupName	3
eaas_s4	ALPGroupUsersTemp	ALP	5
eaas_s4	ALPGroupUsersTemp	groupId	6
eaas_s4	AUDIT	LOGGED_IN_USER	5
eaas_s4	cctDataCsv	NUM	1
eaas_s4	cctDataCsv	Registry_ID	3
eaas_s4	cctDataCsv	Candidate_First_Name	7
eaas_s4	cctDataCsv	Metrics	11
eaas_s4	ep_alp_notifications	userId	1
eaas_s4	ep_alp_notifications	notificationText	3
eaas_s4	ep_alp_notifications	notificationCreationDate	4
eaas_s4	ep_alp_notifications_user_x	elpId	2
eaas_s4	ep_batch	ep_user_id	3
eaas_s4	ep_batch	batchStatus	10
eaas_s4	ep_category	uuid	2
eaas_s4	ep_category	contentImage	8
eaas_s4	ep_country_theatre	THEATRE_NAME	3
eaas_s4	ep_country_theatre	LIFERAYCOUNTRY	4
eaas_s4	ep_eaas_assets	createDate	6
eaas_s4	ep_eaas_assets	lastModifiedByUserId	7
eaas_s4	ep_eaas_assets	lastModifiedDate	8
eaas_s4	ep_eaas_social_config	shortDesc	5
eaas_s4	ep_eaas_social_config	participationEquity	6
eaas_s4	ep_eaas_social_config	createDate	9
eaas_s4	ep_eaas_social_equity_history	ep_eaas_social_config_id	3
eaas_s4	ep_eaas_social_equity_history	createDate	8
eaas_s4	ep_eaas_social_equity_history	lastModifiedUserName	11
eaas_s4	ep_elp	tenantId	3
eaas_s4	ep_elp	createdDate	5
eaas_s4	ep_elp	status	9
eaas_s4	ep_elp	ownersList	10
eaas_s4	ep_elp	completionDate	11
eaas_s4	ep_elp	isComDateChanged	12
eaas_s4	ep_elp_user_x	attempts	8
eaas_s4	ep_est_cct_certifications_old	certExpiryDate	4
eaas_s4	ep_est_cct_certifications_old	ep_user_id	5
eaas_s4	ep_est_cct_stage	certExpiryDt	6
eaas_s4	ep_est_company_affiliations	affiliation_id	1
eaas_s4	ep_est_company_affiliations	emailDomain	4
eaas_s4	ep_est_platform_user_vendor_x	id	1
eaas_s4	ep_est_platform_user_vendor_x	createdDate	5
eaas_s4	ep_est_technology_product_list	key_type	3
eaas_s4	ep_est_user_session	id	1
eaas_s4	ep_est_vw_case_management_tpm	id	2
eaas_s4	ep_est_vw_case_management_tpm	ticketDescription	4
eaas_s4	ep_est_vw_case_management_tpm	createdDate	5
eaas_s4	ep_est_vw_case_management_tpm	attachment2	13
eaas_s4	ep_est_vw_case_management_tpm	priority	17
eaas_s4	ep_est_vw_case_management_tpm	daysAgo	18
eaas_s4	ep_est_vw_case_management_tpm	userFirstName	23
eaas_s4	ep_exam_history	startDateTime	4
eaas_s4	ep_exam_history	lastSavedQNo	9
eaas_s4	ep_exam_history	totalTimeTaken	12
eaas_s4	ep_fsms_audit	pid_fru	6
eaas_s4	ep_group	groupId	1
eaas_s4	ep_group	createdDate	5
eaas_s4	ep_group	lastModifiedBy	7
eaas_s4	ep_group	isActive	8
eaas_s4	ep_homepage_activity_tracker	id	1
eaas_s4	ep_homepage_activity_tracker	accessDate	4
eaas_s4	ep_individual_learning_plan	createdByUserId	10
eaas_s4	ep_individual_learning_plan	lastModifiedByUserName	14
eaas_s4	ep_individual_learning_plan	lmBreadCrumb	16
eaas_s4	ep_individual_learning_plan	webexRegistrationStatus	17
eaas_s4	ep_individual_learning_plan	webExRegistrationDate	19
eaas_s4	ep_learningModule_region	learningModuleId	2
eaas_s4	ep_learningModule_region	region	3
eaas_s4	ep_learning_module	preRequisite	8
eaas_s4	ep_learning_module	lastModifiedByUserId	21
eaas_s4	ep_learning_module	lastModifiedUserName	23
eaas_s4	ep_learning_module	passScore	24
eaas_s4	ep_learning_module	dropoutDays	25
eaas_s4	ep_learning_module	enrollDays	26
eaas_s4	ep_learning_module	startDate	27
eaas_s4	ep_learning_module	endDate	28
eaas_s4	ep_learning_module	trainerName	30
eaas_s4	ep_learning_module	location	31
eaas_s4	ep_learning_module_questions_x	questionId	3
eaas_s4	ep_learning_module_questions_x	groupId	6
eaas_s4	ep_learning_module_questions_x	createdByUserId	7
eaas_s4	ep_learning_module_questions_x	lastModifiedByUserId	9
eaas_s4	ep_learning_module_questions_x	lastModifiedDate	11
eaas_s4	ep_learning_path	uuid_	2
eaas_s4	ep_learning_path	title	3
eaas_s4	ep_learning_path	description	4
eaas_s4	ep_learning_path	offeringType	5
eaas_s4	ep_learning_path	learningPathTypeId	6
eaas_s4	ep_learning_path	durationOfLP	7
eaas_s4	ep_learning_path	epLearningPathCommnityId	8
eaas_s4	ep_learning_path	childLpIds	12
eaas_s4	ep_learning_path	currentState	13
eaas_s4	ep_learning_path	createDate	16
eaas_s4	ep_learning_path	isELP	23
eaas_s4	ep_learning_path_module_x	learningPathId	2
eaas_s4	ep_learning_path_module_x	childLearningPathId	4
eaas_s4	ep_learning_path_module_x	lastModifiedByUserId	8
eaas_s4	ep_learning_path_module_x	lastModifiedUserName	10
eaas_s4	ep_lm_exam_units	unitObjective	3
eaas_s4	ep_lm_exam_units	createdDate	5
eaas_s4	ep_lm_exam_units	lastModifiedByUserName	7
eaas_s4	ep_lm_exam_units	learning_module_id	8
eaas_s4	ep_lm_exam_unit_question_x	lastModifiedDate	9
eaas_s4	ep_objective_question_x	questionId	10
eaas_s4	ep_offering_type	id	1
eaas_s4	ep_offering_type	sequenceNumber	6
eaas_s4	ep_offering_type	createdByUserId	7
eaas_s4	ep_offering_type	lastModifiedDate	10
eaas_s4	ep_offering_type	comment	12
eaas_s4	ep_pm_deleted_learning_plan_by_user	lmCount	8
eaas_s4	ep_pm_deleted_learning_plan_by_user	lpDeletedDate	9
eaas_s4	ep_pm_individual_learning_plan	userId	5
eaas_s4	ep_pm_individual_learning_plan	scheduledOn	7
eaas_s4	ep_pm_individual_learning_plan	scheduleDurationMillisSec	8
eaas_s4	ep_pm_individual_learning_plan	isArchived	15
eaas_s4	ep_pm_learning_plan	oldVersion	5
eaas_s4	ep_pm_learning_plan	createdByUserId	17
eaas_s4	ep_pm_learning_plan	createdDate	18
eaas_s4	ep_pm_learning_plan	lastModifiedDate	20
eaas_s4	ep_pm_learning_plan	notificationText	22
eaas_s4	ep_pm_learning_plan_module_x	learningModuleId	3
eaas_s4	ep_pm_learning_plan_module_x	createdDate	6
eaas_s4	ep_pm_learning_plan_user_x	liferayUserId	4
eaas_s4	ep_pm_learning_plan_user_x	enrolledDate	5
eaas_s4	ep_pm_learning_plan_user_x	expirationDate	7
eaas_s4	ep_pm_learning_plan_user_x	suspended	9
eaas_s4	ep_pm_lp_survey_events	id	1
eaas_s4	ep_pm_lp_survey_events	rlpId	4
eaas_s4	ep_pm_lp_survey_events	lastModifiedDate	9
eaas_s4	ep_pm_lp_survey_results	resultid	1
eaas_s4	ep_pm_lp_survey_results	provideddate	4
eaas_s4	ep_pm_lp_survey_results	rlpId	10
eaas_s4	ep_pm_lp_survey_results	followUpAnswer	12
eaas_s4	ep_pm_lp_survey_results	assetKey	13
eaas_s4	ep_pm_survey_events	id	1
eaas_s4	ep_pm_survey_events	rlpId	4
eaas_s4	ep_pm_survey_events	createdDate	7
eaas_s4	ep_pm_survey_results	resultid	1
eaas_s4	ep_pm_survey_results	questionid	2
eaas_s4	ep_pm_survey_results	suggestions	5
eaas_s4	ep_pm_survey_results	answerid	6
eaas_s4	ep_pm_survey_results	responsetext	9
eaas_s4	ep_pm_survey_results	lmId	10
eaas_s4	ep_pm_survey_results	followUpAnswer	12
eaas_s4	ep_questions	question	2
eaas_s4	ep_questions	companyId	5
eaas_s4	ep_questions	lastModifiedByUserId	11
eaas_s4	ep_questions_answers	id	1
eaas_s4	ep_questions_answers	groupId	5
eaas_s4	ep_questions_answers	lastModifiedDate	10
eaas_s4	ep_questions_answers_x	answerText	3
eaas_s4	ep_questions_answers_x	groupId	6
eaas_s4	ep_question_review_material	questionId	2
eaas_s4	pii_test_columns	table_schema	1
eaas_s4	pii_test_columns	table_name	2
eaas_s4	pii_test_columns	column_name	3
eaas_s4	pii_test_columns	ordinal_position	4
eaas_s4	pii_test_columns	data_type	5
eaas_s4	pii_train_columns	table_schema	1
eaas_s4	pii_train_columns	ordinal_position	4
est_learninghub_ga2	Account_	parentAccountId	7
est_learninghub_ga2	Account_	legalName	9
est_learninghub_ga2	Account_	industry	14
est_learninghub_ga2	Account_	type_	15
est_learninghub_ga2	Address	userId	3
est_learninghub_ga2	Address	createDate	5
est_learninghub_ga2	Address	modifiedDate	6
est_learninghub_ga2	Address	classNameId	7
est_learninghub_ga2	Address	classPK	8
est_learninghub_ga2	Address	zip	13
est_learninghub_ga2	Address	typeId	16
est_learninghub_ga2	Address	primary_	18
est_learninghub_ga2	AnnouncementsEntry	entryId	2
est_learninghub_ga2	AnnouncementsEntry	userName	5
est_learninghub_ga2	AnnouncementsEntry	title	10
est_learninghub_ga2	AnnouncementsEntry	type_	13
est_learninghub_ga2	AnnouncementsEntry	priority	16
est_learninghub_ga2	AnnouncementsFlag	flagId	1
est_learninghub_ga2	AnnouncementsFlag	userId	2
est_learninghub_ga2	AssetCategory	groupId	3
est_learninghub_ga2	AssetCategory	companyId	4
est_learninghub_ga2	AssetCategory	userId	5
est_learninghub_ga2	AssetCategory	rightCategoryId	11
est_learninghub_ga2	AssetCategoryProperty	companyId	2
est_learninghub_ga2	AssetCategoryProperty	userName	4
est_learninghub_ga2	AssetCategoryProperty	modifiedDate	6
est_learninghub_ga2	AssetCategoryProperty	categoryId	7
est_learninghub_ga2	AssetCategoryProperty	key_	8
est_learninghub_ga2	AssetEntry	userId	4
est_learninghub_ga2	AssetEntry	modifiedDate	7
est_learninghub_ga2	AssetEntry	classUuid	10
est_learninghub_ga2	AssetEntry	visible	12
est_learninghub_ga2	AssetEntry	endDate	14
est_learninghub_ga2	AssetEntry	publishDate	15
est_learninghub_ga2	AssetEntry	summary	20
est_learninghub_ga2	AssetEntry	url	21
est_learninghub_ga2	AssetLink	companyId	2
est_learninghub_ga2	AssetLink	userName	4
est_learninghub_ga2	AssetTag	companyId	3
est_learninghub_ga2	AssetTag	userName	5
est_learninghub_ga2	AssetTag	name	8
est_learninghub_ga2	AssetTagProperty	userName	4
est_learninghub_ga2	AssetTagProperty	key_	8
est_learninghub_ga2	AssetTagStats	tagId	2
est_learninghub_ga2	AssetTagStats	assetCount	4
est_learninghub_ga2	AssetVocabulary	groupId	3
est_learninghub_ga2	AssetVocabulary	companyId	4
est_learninghub_ga2	AssetVocabulary	userId	5
est_learninghub_ga2	AssetVocabulary	userName	6
est_learninghub_ga2	AssetVocabulary	modifiedDate	8
est_learninghub_ga2	AssetVocabulary	title	10
est_learninghub_ga2	AssetVocabulary	settings_	12
est_learninghub_ga2	BlogsEntry	groupId	3
est_learninghub_ga2	BlogsEntry	createDate	7
est_learninghub_ga2	BlogsEntry	description	11
est_learninghub_ga2	BlogsEntry	allowPingbacks	14
est_learninghub_ga2	BlogsEntry	status	20
est_learninghub_ga2	BlogsStatsUser	entryCount	5
est_learninghub_ga2	BlogsStatsUser	lastPostDate	6
est_learninghub_ga2	BlogsStatsUser	ratingsTotalEntries	7
est_learninghub_ga2	BlogsStatsUser	ratingsAverageScore	9
est_learninghub_ga2	BookmarksEntry	entryId	2
est_learninghub_ga2	BookmarksEntry	groupId	3
est_learninghub_ga2	BookmarksEntry	modifiedDate	8
est_learninghub_ga2	BookmarksEntry	description	13
est_learninghub_ga2	BookmarksFolder	uuid_	1
est_learninghub_ga2	BookmarksFolder	modifiedDate	8
est_learninghub_ga2	BookmarksFolder	resourceBlockId	9
est_learninghub_ga2	BookmarksFolder	name	11
est_learninghub_ga2	BookmarksFolder	description	12
est_learninghub_ga2	CalEvent	uuid_	1
est_learninghub_ga2	CalEvent	eventId	2
est_learninghub_ga2	CalEvent	companyId	4
est_learninghub_ga2	CalEvent	userId	5
est_learninghub_ga2	CalEvent	userName	6
est_learninghub_ga2	CalEvent	modifiedDate	8
est_learninghub_ga2	CalEvent	durationHour	14
est_learninghub_ga2	CalEvent	remindBy	21
est_learninghub_ga2	CalEvent	secondReminder	23
est_learninghub_ga2	Company	accountId	2
est_learninghub_ga2	Company	webId	3
est_learninghub_ga2	Company	mx	5
est_learninghub_ga2	Company	logoId	7
est_learninghub_ga2	Company	system	8
est_learninghub_ga2	Company	active_	10
est_learninghub_ga2	Contact_	modifiedDate	6
est_learninghub_ga2	Contact_	prefixId	12
est_learninghub_ga2	Contact_	suffixId	13
est_learninghub_ga2	Contact_	male	14
est_learninghub_ga2	Contact_	icqSn	19
est_learninghub_ga2	Contact_	jabberSn	20
est_learninghub_ga2	Contact_	skypeSn	23
est_learninghub_ga2	Contact_	employeeNumber	27
est_learninghub_ga2	Contact_	hoursOfOperation	30
est_learninghub_ga2	Country	a3	4
est_learninghub_ga2	Country	idd_	6
est_learninghub_ga2	Country	zipRequired	7
est_learninghub_ga2	CyrusUser	password_	2
est_learninghub_ga2	CyrusVirtual	userId	2
est_learninghub_ga2	DDLRecord	uuid_	1
est_learninghub_ga2	DDLRecord	groupId	3
est_learninghub_ga2	DDLRecord	companyId	4
est_learninghub_ga2	DDLRecord	userId	5
est_learninghub_ga2	DDLRecord	userName	6
est_learninghub_ga2	DDLRecord	createDate	9
est_learninghub_ga2	DDLRecord	version	13
est_learninghub_ga2	DDLRecordSet	modifiedDate	8
est_learninghub_ga2	DDLRecordSet	DDMStructureId	9
est_learninghub_ga2	DDLRecordSet	name	11
est_learninghub_ga2	DDLRecordVersion	displayIndex	11
est_learninghub_ga2	DDMContent	modifiedDate	8
est_learninghub_ga2	DDMStructure	userId	5
est_learninghub_ga2	DDMStructure	createDate	7
est_learninghub_ga2	DDMStructure	classNameId	9
est_learninghub_ga2	DDMStructureLink	classNameId	2
est_learninghub_ga2	DDMStructureLink	classPK	3
est_learninghub_ga2	DDMTemplate	userName	6
est_learninghub_ga2	DDMTemplate	createDate	7
est_learninghub_ga2	DDMTemplate	language	14
est_learninghub_ga2	DLFileEntry	fileEntryId	2
est_learninghub_ga2	DLFileEntry	groupId	3
est_learninghub_ga2	DLFileEntry	userId	5
est_learninghub_ga2	DLFileEntry	versionUserName	8
est_learninghub_ga2	DLFileEntry	title	16
est_learninghub_ga2	DLFileEntry	version	20
est_learninghub_ga2	DLFileEntryMetadata	DDMStructureId	4
est_learninghub_ga2	DLFileEntryMetadata	fileEntryId	6
est_learninghub_ga2	DLFileEntryType	fileEntryTypeId	2
est_learninghub_ga2	DLFileEntryType	companyId	4
est_learninghub_ga2	DLFileEntryType	modifiedDate	8
est_learninghub_ga2	DLFileRank	fileEntryId	6
est_learninghub_ga2	DLFileShortcut	fileShortcutId	2
est_learninghub_ga2	DLFileShortcut	groupId	3
est_learninghub_ga2	DLFileShortcut	companyId	4
est_learninghub_ga2	DLFileShortcut	userId	5
est_learninghub_ga2	DLFileShortcut	userName	6
est_learninghub_ga2	DLFileShortcut	modifiedDate	8
est_learninghub_ga2	DLFileShortcut	repositoryId	9
est_learninghub_ga2	DLFileShortcut	toFileEntryId	11
est_learninghub_ga2	DLFileShortcut	statusByUserName	14
est_learninghub_ga2	DLFileShortcut	statusDate	15
est_learninghub_ga2	DLFileVersion	groupId	3
est_learninghub_ga2	DLFileVersion	companyId	4
est_learninghub_ga2	DLFileVersion	userId	5
est_learninghub_ga2	DLFileVersion	modifiedDate	8
est_learninghub_ga2	DLFileVersion	repositoryId	9
est_learninghub_ga2	DLFileVersion	mimeType	13
est_learninghub_ga2	DLFileVersion	version	19
est_learninghub_ga2	DLFileVersion	status	21
est_learninghub_ga2	DLFileVersion	statusByUserName	23
est_learninghub_ga2	DLFolder	folderId	2
est_learninghub_ga2	DLFolder	createDate	7
est_learninghub_ga2	DLFolder	repositoryId	9
est_learninghub_ga2	DLFolder	parentFolderId	11
est_learninghub_ga2	DLFolder	name	12
est_learninghub_ga2	DLFolder	lastPostDate	14
est_learninghub_ga2	DLFolder	defaultFileEntryTypeId	15
est_learninghub_ga2	DLSync	companyId	2
est_learninghub_ga2	DLSync	repositoryId	7
est_learninghub_ga2	DLSync	type_	12
est_learninghub_ga2	DLSync	version	13
est_learninghub_ga2	EmailAddress	emailAddressId	1
est_learninghub_ga2	EmailAddress	companyId	2
est_learninghub_ga2	EmailAddress	classNameId	7
est_learninghub_ga2	ExpandoColumn	columnId	1
est_learninghub_ga2	ExpandoColumn	tableId	3
est_learninghub_ga2	ExpandoColumn	type_	5
est_learninghub_ga2	ExpandoColumn	defaultData	6
est_learninghub_ga2	ExpandoRow	companyId	2
est_learninghub_ga2	ExpandoTable	companyId	2
est_learninghub_ga2	ExpandoTable	name	4
est_learninghub_ga2	ExpandoValue	columnId	4
est_learninghub_ga2	Groups_Roles	roleId	2
est_learninghub_ga2	Groups_UserGroups	userGroupId	2
est_learninghub_ga2	Group_	creatorUserId	3
est_learninghub_ga2	Group_	classNameId	4
est_learninghub_ga2	Group_	description	9
est_learninghub_ga2	Group_	typeSettings	11
est_learninghub_ga2	Image	imageId	1
est_learninghub_ga2	Image	type_	4
est_learninghub_ga2	Image	height	5
est_learninghub_ga2	JournalArticle	userId	6
est_learninghub_ga2	JournalArticle	classPK	11
est_learninghub_ga2	JournalArticle	content	17
est_learninghub_ga2	JournalArticle	type_	18
est_learninghub_ga2	JournalArticle	templateId	20
est_learninghub_ga2	JournalArticle	displayDate	22
est_learninghub_ga2	JournalArticle	expirationDate	23
est_learninghub_ga2	JournalArticle	indexable	25
est_learninghub_ga2	JournalArticle	statusByUserId	30
est_learninghub_ga2	JournalArticleImage	groupId	2
est_learninghub_ga2	JournalArticleImage	version	4
est_learninghub_ga2	JournalArticleImage	elName	6
est_learninghub_ga2	JournalArticleResource	resourcePrimKey	2
est_learninghub_ga2	JournalArticleResource	articleId	4
est_learninghub_ga2	JournalContentSearch	contentSearchId	1
est_learninghub_ga2	JournalContentSearch	groupId	2
est_learninghub_ga2	JournalContentSearch	privateLayout	4
est_learninghub_ga2	JournalContentSearch	layoutId	5
est_learninghub_ga2	JournalContentSearch	portletId	6
est_learninghub_ga2	JournalFeed	uuid_	1
est_learninghub_ga2	JournalFeed	userId	5
est_learninghub_ga2	JournalFeed	createDate	7
est_learninghub_ga2	JournalFeed	contentField	21
est_learninghub_ga2	JournalFeed	feedVersion	23
est_learninghub_ga2	JournalStructure	groupId	3
est_learninghub_ga2	JournalStructure	userId	5
est_learninghub_ga2	JournalStructure	createDate	7
est_learninghub_ga2	JournalStructure	parentStructureId	10
est_learninghub_ga2	JournalTemplate	id_	2
est_learninghub_ga2	JournalTemplate	groupId	3
est_learninghub_ga2	JournalTemplate	userId	5
est_learninghub_ga2	JournalTemplate	userName	6
est_learninghub_ga2	JournalTemplate	createDate	7
est_learninghub_ga2	JournalTemplate	smallImageId	17
est_learninghub_ga2	Layout	plid	2
est_learninghub_ga2	Layout	modifiedDate	6
est_learninghub_ga2	Layout	layoutId	8
est_learninghub_ga2	Layout	parentLayoutId	9
est_learninghub_ga2	Layout	title	11
est_learninghub_ga2	Layout	friendlyURL	18
est_learninghub_ga2	Layout	themeId	21
est_learninghub_ga2	Layout	priority	26
est_learninghub_ga2	Layout	sourcePrototypeLayoutUuid	29
est_learninghub_ga2	LayoutBranch	layoutSetBranchId	6
est_learninghub_ga2	LayoutPrototype	uuid_	1
est_learninghub_ga2	LayoutRevision	layoutRevisionId	1
est_learninghub_ga2	LayoutRevision	layoutBranchId	9
est_learninghub_ga2	LayoutRevision	head	11
est_learninghub_ga2	LayoutRevision	plid	13
est_learninghub_ga2	LayoutRevision	privateLayout	14
est_learninghub_ga2	LayoutRevision	iconImageId	22
est_learninghub_ga2	LayoutRevision	colorSchemeId	24
est_learninghub_ga2	LayoutRevision	css	27
est_learninghub_ga2	LayoutRevision	statusByUserId	29
est_learninghub_ga2	LayoutRevision	statusByUserName	30
est_learninghub_ga2	LayoutSet	createDate	4
est_learninghub_ga2	LayoutSet	modifiedDate	5
est_learninghub_ga2	LayoutSet	logoId	8
est_learninghub_ga2	LayoutSet	css	13
est_learninghub_ga2	LayoutSet	pageCount	14
est_learninghub_ga2	LayoutSet	settings_	15
est_learninghub_ga2	LayoutSetBranch	layoutSetBranchId	1
est_learninghub_ga2	LayoutSetBranch	description	10
est_learninghub_ga2	LayoutSetBranch	wapThemeId	16
est_learninghub_ga2	LayoutSetBranch	css	18
est_learninghub_ga2	LayoutSetBranch	settings_	19
est_learninghub_ga2	LayoutSetBranch	layoutSetPrototypeLinkEnabled	21
est_learninghub_ga2	LayoutSetPrototype	modifiedDate	5
est_learninghub_ga2	LayoutSetPrototype	description	7
est_learninghub_ga2	LayoutSetPrototype	settings_	8
est_learninghub_ga2	ListType	listTypeId	1
est_learninghub_ga2	Lock_	userId	4
est_learninghub_ga2	Lock_	userName	5
est_learninghub_ga2	Lock_	createDate	6
est_learninghub_ga2	Lock_	className	7
est_learninghub_ga2	Lock_	expirationDate	11
est_learninghub_ga2	MBBan	banId	1
est_learninghub_ga2	MBBan	userId	4
est_learninghub_ga2	MBBan	modifiedDate	7
est_learninghub_ga2	MBCategory	categoryId	2
est_learninghub_ga2	MBCategory	userId	5
est_learninghub_ga2	MBCategory	createDate	7
est_learninghub_ga2	MBCategory	parentCategoryId	9
est_learninghub_ga2	MBCategory	name	10
est_learninghub_ga2	MBCategory	displayStyle	12
est_learninghub_ga2	MBDiscussion	threadId	4
est_learninghub_ga2	MBMailingList	companyId	4
est_learninghub_ga2	MBMailingList	userId	5
est_learninghub_ga2	MBMailingList	emailAddress	10
est_learninghub_ga2	MBMailingList	outServerPort	21
est_learninghub_ga2	MBMailingList	outUserName	23
est_learninghub_ga2	MBMailingList	outPassword	24
est_learninghub_ga2	MBMailingList	allowAnonymous	25
est_learninghub_ga2	MBMessage	userName	6
est_learninghub_ga2	MBMessage	threadId	12
est_learninghub_ga2	MBMessage	subject	15
est_learninghub_ga2	MBMessage	body	16
est_learninghub_ga2	MBMessage	status	23
est_learninghub_ga2	MBMessage	statusByUserId	24
est_learninghub_ga2	MBThread	viewCount	8
est_learninghub_ga2	MBThread	status	13
est_learninghub_ga2	MDRAction	userId	5
est_learninghub_ga2	MDRAction	createDate	7
est_learninghub_ga2	MDRAction	modifiedDate	8
est_learninghub_ga2	MDRAction	description	13
est_learninghub_ga2	MDRRule	type_	12
est_learninghub_ga2	MDRRuleGroup	description	10
est_learninghub_ga2	MDRRuleGroupInstance	userName	6
est_learninghub_ga2	MDRRuleGroupInstance	classPK	10
est_learninghub_ga2	MembershipRequest	replyComments	7
est_learninghub_ga2	MembershipRequest	replyDate	8
est_learninghub_ga2	MembershipRequest	replierUserId	9
est_learninghub_ga2	Organization_	treePath	4
est_learninghub_ga2	Organization_	name	5
est_learninghub_ga2	Organization_	recursable	7
est_learninghub_ga2	Organization_	regionId	8
est_learninghub_ga2	Organization_	statusId	10
est_learninghub_ga2	OrgLabor	typeId	3
est_learninghub_ga2	OrgLabor	wedClose	11
est_learninghub_ga2	OrgLabor	thuOpen	12
est_learninghub_ga2	OrgLabor	thuClose	13
est_learninghub_ga2	PasswordPolicy	defaultPolicy	7
est_learninghub_ga2	PasswordPolicy	history	21
est_learninghub_ga2	PasswordPolicy	historyCount	22
est_learninghub_ga2	PasswordPolicy	warningTime	25
est_learninghub_ga2	PasswordPolicy	maxFailure	28
est_learninghub_ga2	PasswordPolicyRel	classPK	4
est_learninghub_ga2	PasswordTracker	passwordTrackerId	1
est_learninghub_ga2	Permission_	resourceId	4
est_learninghub_ga2	Phone	modifiedDate	6
est_learninghub_ga2	Phone	typeId	11
est_learninghub_ga2	PluginSetting	pluginSettingId	1
est_learninghub_ga2	PluginSetting	companyId	2
est_learninghub_ga2	PollsChoice	name	4
est_learninghub_ga2	PollsQuestion	createDate	7
est_learninghub_ga2	PollsQuestion	modifiedDate	8
est_learninghub_ga2	PollsQuestion	description	10
est_learninghub_ga2	PollsVote	voteId	1
est_learninghub_ga2	PollsVote	modifiedDate	6
est_learninghub_ga2	PortalPreferences	preferences	4
est_learninghub_ga2	Portlet	active_	5
est_learninghub_ga2	PortletItem	groupId	2
est_learninghub_ga2	PortletItem	companyId	3
est_learninghub_ga2	PortletItem	portletId	9
est_learninghub_ga2	PortletPreferences	portletId	5
est_learninghub_ga2	RatingsEntry	userId	3
est_learninghub_ga2	RatingsEntry	userName	4
est_learninghub_ga2	RatingsEntry	classNameId	7
est_learninghub_ga2	RatingsEntry	classPK	8
est_learninghub_ga2	RatingsEntry	score	9
est_learninghub_ga2	RatingsStats	classNameId	2
est_learninghub_ga2	RatingsStats	averageScore	6
est_learninghub_ga2	Region	regionId	1
est_learninghub_ga2	Region	active_	5
est_learninghub_ga2	Release_	buildNumber	5
est_learninghub_ga2	Release_	buildDate	6
est_learninghub_ga2	Release_	state_	9
est_learninghub_ga2	Repository	groupId	3
est_learninghub_ga2	Repository	companyId	4
est_learninghub_ga2	Repository	userName	6
est_learninghub_ga2	Repository	typeSettings	13
est_learninghub_ga2	RepositoryEntry	mappedId	5
est_learninghub_ga2	ResourceAction	bitwiseValue	4
est_learninghub_ga2	ResourceBlock	groupId	3
est_learninghub_ga2	ResourceBlock	permissionsHash	5
est_learninghub_ga2	ResourceBlockPermission	roleId	3
est_learninghub_ga2	ResourceCode	companyId	2
est_learninghub_ga2	ResourceCode	name	3
est_learninghub_ga2	ResourcePermission	resourcePermissionId	1
est_learninghub_ga2	ResourcePermission	scope	4
est_learninghub_ga2	ResourcePermission	primKey	5
est_learninghub_ga2	ResourcePermission	actionIds	8
est_learninghub_ga2	ResourceTypePermission	groupId	3
est_learninghub_ga2	ResourceTypePermission	actionIds	6
est_learninghub_ga2	Resource_	codeId	2
est_learninghub_ga2	Resource_	primKey	3
est_learninghub_ga2	Role_	companyId	2
est_learninghub_ga2	Role_	classNameId	3
est_learninghub_ga2	Role_	title	6
est_learninghub_ga2	SCFrameworkVersion	userId	4
est_learninghub_ga2	SCFrameworkVersion	createDate	6
est_learninghub_ga2	SCFrameworkVersion	modifiedDate	7
est_learninghub_ga2	SCFrameworkVersion	name	8
est_learninghub_ga2	SCFrameworkVersion	url	9
est_learninghub_ga2	SCFrameworkVersion	priority	11
est_learninghub_ga2	SCLicense	active_	5
est_learninghub_ga2	SCLicenses_SCProductEntries	productEntryId	2
est_learninghub_ga2	SCProductEntry	groupId	2
est_learninghub_ga2	SCProductEntry	createDate	6
est_learninghub_ga2	SCProductEntry	modifiedDate	7
est_learninghub_ga2	SCProductEntry	name	8
est_learninghub_ga2	SCProductEntry	type_	9
est_learninghub_ga2	SCProductEntry	repoGroupId	15
est_learninghub_ga2	SCProductScreenshot	productScreenshotId	1
est_learninghub_ga2	SCProductScreenshot	fullImageId	6
est_learninghub_ga2	SCProductVersion	userName	4
est_learninghub_ga2	SCProductVersion	modifiedDate	6
est_learninghub_ga2	ServiceComponent	buildNumber	3
est_learninghub_ga2	Shard	shardId	1
est_learninghub_ga2	Shard	classNameId	2
est_learninghub_ga2	Shard	classPK	3
est_learninghub_ga2	ShoppingCart	createDate	6
est_learninghub_ga2	ShoppingCart	modifiedDate	7
est_learninghub_ga2	ShoppingCategory	companyId	3
est_learninghub_ga2	ShoppingCategory	userName	5
est_learninghub_ga2	ShoppingCategory	modifiedDate	7
est_learninghub_ga2	ShoppingCategory	parentCategoryId	8
est_learninghub_ga2	ShoppingCoupon	userId	4
est_learninghub_ga2	ShoppingCoupon	createDate	6
est_learninghub_ga2	ShoppingCoupon	modifiedDate	7
est_learninghub_ga2	ShoppingCoupon	name	9
est_learninghub_ga2	ShoppingCoupon	startDate	11
est_learninghub_ga2	ShoppingCoupon	endDate	12
est_learninghub_ga2	ShoppingCoupon	active_	13
est_learninghub_ga2	ShoppingCoupon	limitSkus	15
est_learninghub_ga2	ShoppingCoupon	minOrder	16
est_learninghub_ga2	ShoppingCoupon	discount	17
est_learninghub_ga2	ShoppingCoupon	discountType	18
est_learninghub_ga2	ShoppingItem	userId	4
est_learninghub_ga2	ShoppingItem	description	11
est_learninghub_ga2	ShoppingItem	discount	18
est_learninghub_ga2	ShoppingItem	useShippingFormula	21
est_learninghub_ga2	ShoppingItem	sale_	25
est_learninghub_ga2	ShoppingItem	smallImage	26
est_learninghub_ga2	ShoppingItem	mediumImage	29
est_learninghub_ga2	ShoppingItem	mediumImageId	30
est_learninghub_ga2	ShoppingItemField	itemId	2
est_learninghub_ga2	ShoppingItemPrice	itemId	2
est_learninghub_ga2	ShoppingItemPrice	minQuantity	3
est_learninghub_ga2	ShoppingItemPrice	useShippingFormula	9
est_learninghub_ga2	ShoppingOrder	orderId	1
est_learninghub_ga2	ShoppingOrder	groupId	2
est_learninghub_ga2	ShoppingOrder	userId	4
est_learninghub_ga2	ShoppingOrder	createDate	6
est_learninghub_ga2	ShoppingOrder	tax	9
est_learninghub_ga2	ShoppingOrder	shipping	10
est_learninghub_ga2	ShoppingOrder	altShipping	11
est_learninghub_ga2	ShoppingOrder	insure	13
est_learninghub_ga2	ShoppingOrder	couponDiscount	16
est_learninghub_ga2	ShoppingOrder	billingCompany	20
est_learninghub_ga2	ShoppingOrder	billingStreet	21
est_learninghub_ga2	ShoppingOrder	billingCity	22
est_learninghub_ga2	ShoppingOrder	billingZip	24
est_learninghub_ga2	ShoppingOrder	billingCountry	25
est_learninghub_ga2	ShoppingOrder	shippingFirstName	28
est_learninghub_ga2	ShoppingOrder	shippingStreet	32
est_learninghub_ga2	ShoppingOrder	shippingState	34
est_learninghub_ga2	ShoppingOrder	ccType	39
est_learninghub_ga2	ShoppingOrder	ccExpMonth	41
est_learninghub_ga2	ShoppingOrder	comments	44
est_learninghub_ga2	ShoppingOrder	ppTxnId	45
est_learninghub_ga2	ShoppingOrder	ppPaymentGross	47
est_learninghub_ga2	ShoppingOrder	ppPayerEmail	49
est_learninghub_ga2	ShoppingOrderItem	orderItemId	1
est_learninghub_ga2	ShoppingOrderItem	name	5
est_learninghub_ga2	ShoppingOrderItem	properties	7
est_learninghub_ga2	SocialActivity	groupId	2
est_learninghub_ga2	SocialActivity	mirrorActivityId	6
est_learninghub_ga2	SocialActivity	type_	9
est_learninghub_ga2	SocialActivityAchievement	userId	4
est_learninghub_ga2	SocialActivityCounter	name	6
est_learninghub_ga2	SocialActivityCounter	currentValue	8
est_learninghub_ga2	SocialActivityLimit	groupId	2
est_learninghub_ga2	SocialActivityLimit	activityType	7
est_learninghub_ga2	SocialActivityLimit	activityCounterName	8
est_learninghub_ga2	SocialActivitySetting	activitySettingId	1
est_learninghub_ga2	SocialActivitySetting	groupId	2
est_learninghub_ga2	SocialRelation	uuid_	1
est_learninghub_ga2	SocialRelation	companyId	3
est_learninghub_ga2	SocialRequest	requestId	2
est_learninghub_ga2	SocialRequest	groupId	3
est_learninghub_ga2	SocialRequest	companyId	4
est_learninghub_ga2	SocialRequest	modifiedDate	7
est_learninghub_ga2	Subscription	createDate	5
est_learninghub_ga2	Subscription	classPK	8
est_learninghub_ga2	Team	teamId	1
est_learninghub_ga2	Team	userName	4
est_learninghub_ga2	Team	createDate	5
est_learninghub_ga2	Team	modifiedDate	6
est_learninghub_ga2	Team	groupId	7
est_learninghub_ga2	Team	description	9
est_learninghub_ga2	Ticket	key_	6
est_learninghub_ga2	Ticket	expirationDate	9
est_learninghub_ga2	UserGroup	parentUserGroupId	3
est_learninghub_ga2	UserGroup	name	4
est_learninghub_ga2	UserGroup	description	5
est_learninghub_ga2	UserGroupGroupRole	userGroupId	1
est_learninghub_ga2	UserGroupGroupRole	roleId	3
est_learninghub_ga2	UserGroupRole	roleId	3
est_learninghub_ga2	UserIdMapper	description	4
est_learninghub_ga2	UserIdMapper	externalUserId	5
est_learninghub_ga2	UserNotificationEvent	uuid_	1
est_learninghub_ga2	UserNotificationEvent	companyId	3
est_learninghub_ga2	UserNotificationEvent	type_	5
est_learninghub_ga2	Users_Permissions	permissionId	2
est_learninghub_ga2	Users_Roles	userId	1
est_learninghub_ga2	UserTracker	userTrackerId	1
est_learninghub_ga2	UserTracker	modifiedDate	4
est_learninghub_ga2	UserTracker	sessionId	5
est_learninghub_ga2	UserTrackerPath	pathDate	4
est_learninghub_ga2	User_	createDate	4
est_learninghub_ga2	User_	password_	8
est_learninghub_ga2	User_	passwordReset	10
est_learninghub_ga2	User_	reminderQueryQuestion	13
est_learninghub_ga2	User_	reminderQueryAnswer	14
est_learninghub_ga2	User_	screenName	16
est_learninghub_ga2	User_	emailAddress	17
est_learninghub_ga2	User_	portraitId	20
est_learninghub_ga2	User_	comments	24
est_learninghub_ga2	User_	lastName	27
est_learninghub_ga2	User_	lastLoginIP	32
est_learninghub_ga2	User_	failedLoginAttempts	34
est_learninghub_ga2	User_	agreedToTermsOfUse	37
est_learninghub_ga2	VirtualHost	virtualHostId	1
est_learninghub_ga2	VirtualHost	hostname	4
est_learninghub_ga2	WebDAVProps	modifiedDate	4
est_learninghub_ga2	Website	userId	3
est_learninghub_ga2	Website	classPK	8
est_learninghub_ga2	Website	typeId	10
est_learninghub_ga2	WikiNode	userName	6
est_learninghub_ga2	WikiPage	modifiedDate	9
est_learninghub_ga2	WikiPage	format	16
est_learninghub_ga2	WikiPage	statusByUserId	21
est_learninghub_ga2	WikiPage	statusByUserName	22
est_learninghub_ga2	WorkflowDefinitionLink	workflowDefinitionLinkId	1
est_learninghub_ga2	WorkflowDefinitionLink	modifiedDate	7
est_learninghub_ga2	WorkflowDefinitionLink	classNameId	8
est_learninghub_ga2	WorkflowDefinitionLink	workflowDefinitionVersion	12
est_learninghub_ga2	WorkflowInstanceLink	classNameId	8
est_learninghub_ga2	WorkflowInstanceLink	workflowInstanceId	10
est_mobile	ep_mobile_lm_lookup_tracker	date	3
est_mobile	lookup_table	tech	2
est_mobile	lookup_table	prod	3
est_mobile	lookup_table	pid	4
est_mobile	lookup_table	fru	5
est_mobile	lookup_table	compasstitle	6
est_mobile	lookup_table	_delete	9
est_mobile	lookup_table	last_user	10
est_mobile	lookup_table	notfound	12
est_mobile	lookup_table	offering	13
est_mobile	lookup_table_1	notfound	12
est_mobile	lookup_table_1	search_tags	14
fft	country_lookup	name	3
fft	duplicate_subscriptions	id	1
fft	duplicate_subscriptions	order_number	3
fft	duplicate_subscriptions	sku	5
fft	duplicate_subscriptions	license_quantity	9
fft	duplicate_subscriptions	distributor_name	20
fft	duplicate_subscriptions	customer_email	24
fft	duplicate_subscriptions	bdm	34
fft	duplicate_subscriptions	sector	36
fft	duplicate_subscriptions	theater_id	39
fft	duplicate_subscriptions	sales_level_1	42
fft	duplicate_subscriptions	sales_level_4	45
fft	duplicate_subscriptions	renewal	48
fft	duplicate_subscriptions	amount_booked	58
fft	duplicate_subscriptions	total_revenue	59
fft	duplicate_subscriptions	discount_pct	62
fft	duplicate_subscriptions	lock_quantity	66
fft	duplicate_subscriptions	lock_quantity_user	67
fft	duplicate_subscriptions	lock_quantity_reason	68
fft	duplicate_subscriptions	verified_data	72
fft	duplicate_subscriptions	booking_id	73
fft	duplicate_subscriptions	updated_date	76
fft	entitlement_lookup	fiscal_year	3
fft	financial_data	group_name	4
fft	financial_data	quarter_name	6
fft	financial_data	data_type	7
fft	financial_data	created_date	13
fft	instance	product_id	4
fft	instance	provisioned_date	8
fft	instance	soars_created_on	10
fft	instance	soars_modified_on	11
fft	join_learning_credit_sales_order	learning_credit_id	1
fft	join_license_sales_order	sales_order_id	2
fft	join_prior_subscription	prior_subscription_id	2
fft	learning_credit	soars_lc_id	2
fft	learning_credit	list_price	8
fft	learning_credit	extended_price	9
fft	learning_credit	lc_comments	14
fft	learning_credit	deleted	20
fft	learning_credit	soars_modified_on	22
fft	learning_credit	created_date	23
fft	license	description	6
fft	month_lookup	month_order	4
fft	month_lookup	status	7
fft	package	id	1
fft	package	description	3
fft	package_inputs	package_id	2
fft	package_inputs	product_name	5
fft	package_inputs	distribution_percent	6
fft	product	acronym	3
fft	product	alternate_acronyms	4
fft	product	net_revenue_pct	6
fft	product	description	7
fft	quarter_lookup	months	5
fft	quarter_lookup	status	8
fft	sales_order	list_price	5
fft	sales_order	lc_coverted	8
fft	sales_order	soars_lc_id	11
fft	sales_order	deleted	16
fft	status_lookup	id	1
fft	status_lookup	name	2
fft	status_lookup	description	3
fft	subscription	product_id	2
fft	subscription	license_id	8
fft	subscription	license_quantity	9
fft	subscription	partner_name	11
fft	subscription	gilmore_batch_id	18
fft	subscription	customer_name	22
fft	subscription	customer_address	23
fft	subscription	customer_email	24
fft	subscription	account_rep	28
fft	subscription	lead_id	33
fft	subscription	line_of_business	35
fft	subscription	theater	38
fft	subscription	country	41
fft	subscription	sales_level_3	44
fft	subscription	notes	49
fft	subscription	accrual_start	53
fft	subscription	accrual_end	54
fft	subscription	amount_booked	58
fft	subscription	monthly_accrual	61
fft	subscription	lock_quantity_user	67
fft	subscription	lock_revenue	69
fft	subscription	lock_revenue_reason	71
fft	subscription	verified_data	72
fft	subscription	booking_id	73
fft	subscription	created_date	75
fft	subscription_data	subscription_id	3
fft	subscription_data	quarter_name	4
fft	subscription_data	month1_name	6
fft	subscription_data	month1_amount	9
fft	subscription_data	month2_amount	10
fft	subscription_data	total_amount	12
fft	subscription_data	createdby	13
fft	subscription_data	updated_date	15
fft	theater	description	3
fft	user	cec_id	2
fft	user	lname	4
fft	user	status	7
fft	user_activity	page	3
fft	user_activity	description	4
fft	vulcan_licenses	used_license_count	4
fft	vulcan_licenses	created_date	5
leads	fiscal_period_day	created_by	2
leads	fiscal_period_day	created_on	3
leads	fiscal_period_day	deleted	4
leads	fiscal_period_day	date	7
leads	fiscal_period_day	fiscal_period_month_id	9
leads	fiscal_period_month	created_by	2
leads	fiscal_period_month	modified_by	5
leads	fiscal_period_month	modified_on	6
leads	lead	created_by	2
leads	lead	created_on	3
leads	lead	actual_closure_date	7
leads	lead	audience_job_role	9
leads	lead	belongs_to_type	10
leads	lead	expected_closure_date	12
leads	lead	expected_delivery_date	13
leads	lead	hardware	14
leads	lead	notes	19
leads	lead	project_name	22
leads	lead	quote_submitted_date	24
leads	lead	requestor_role	27
leads	lead	status_notes	29
leads	lead	status_notes_last_mod_date	30
leads	lead	country_id	32
leads	lead	customer_id	33
leads	lead	customer_segment_id	34
leads	lead	product_line_id	36
leads	lead	qualifier_id	37
leads	lead	lc_number	44
leads	lead	contract_length	45
leads	lead	type	46
leads	lead	forecast_status	47
leads	lead	gtm_strategy	49
leads	lead	prev_so_number	50
leads	lead	prev_booking	52
leads	lead	deliveries_per_booking	55
leads	lead	license_quantity	56
leads	lead	account_rep	61
leads	lead	sales_level4	66
leads	lead	sales_level5	67
leads	lead	accrual_start_date	69
leads	lead	fft_date_booked	80
leads	lead_booking_vehicle	modified_on	6
leads	lead_booking_vehicle	lestat_id	7
leads	lead_booking_vehicle	name	8
leads	lead_booking_vehicle	archived	9
leads	lead_cml_booking_claim_tracker	existing_lead_id	10
leads	lead_country	created_on	3
leads	lead_country	deleted	4
leads	lead_country	theater_id	9
leads	lead_current_sku_list	current_sku_list_id	2
leads	lead_customer	created_by	2
leads	lead_customer	deleted	4
leads	lead_customer	modified_by	5
leads	lead_customer	modified_on	6
leads	lead_customer	first_name	9
leads	lead_customer	name	12
leads	lead_customer	hq_id	15
leads	lead_customer	sales_level1	16
leads	lead_customer	sales_level4	19
leads	lead_customer_curation	id	1
leads	lead_customer_request	created_on	3
leads	lead_customer_request	modified_on	6
leads	lead_customer_request	last_name	12
leads	lead_customer_request	sales_level2	18
leads	lead_customer_segment	name	8
leads	lead_fin_tracking_saved_plan	deleted	4
leads	lead_fin_tracking_saved_plan	modified_on	6
leads	lead_fin_tracking_saved_plan	name	9
leads	lead_forecast_tool_data_sync	created_on	3
leads	lead_forecast_tool_data_sync	deleted	4
leads	lead_forecast_tool_data_sync	modified_on	6
leads	lead_global_customer	created_on	3
leads	lead_global_customer	deleted	4
leads	lead_global_customer	modified_on	6
leads	lead_global_customer	name	8
leads	lead_learning_advisor	last_name	8
leads	lead_learning_partner	created_on	3
leads	lead_product_line	created_by	2
leads	lead_product_line	name	8
leads	lead_project_owner	id	1
leads	lead_project_owner	created_by	2
leads	lead_project_owner	deleted	4
leads	lead_project_owner	modified_by	5
leads	lead_project_owner	first_name	9
leads	lead_project_owner	cisco_username	18
leads	lead_qualifier	created_by	2
leads	lead_qualifier	modified_on	6
leads	lead_qualifier	weight	9
leads	lead_sku_data	created_by	2
leads	lead_sku_data	deleted	4
leads	lead_sku_data	revenue	8
leads	lead_sku_data	fiscal_month	10
leads	lead_sku_data	week_num_in_month	14
leads	lead_source	created_on	3
leads	lead_source	deleted	4
leads	lead_source	lestat_id	7
leads	lead_so_number_data	created_by	2
leads	lead_so_number_data	created_on	3
leads	lead_so_number_data_list	so_number_data_list_id	2
leads	lead_system_user	modified_on	6
leads	lead_system_user	first_name	7
leads	lead_system_user	last_login	8
leads	lead_system_user	last_name	9
leads	lead_system_user	username	14
leads	lead_technology	id	1
leads	lead_technology	created_on	3
leads	lead_technology	belongs_to	7
leads	lead_technology	lestat_id	8
leads	lead_technology	name	9
leads	lead_theater	lestat_id	7
leads	lead_version	deleted	4
leads	lead_version	actual_closure_date	7
leads	lead_version	customer_contact_name	10
leads	lead_version	expected_closure_date	11
leads	lead_version	expected_delivery_date	12
leads	lead_version	lead_modified_by	16
leads	lead_version	lead_state	18
leads	lead_version	lestat_id	21
leads	lead_version	requestor_role	30
leads	lead_version	risk_notes	31
leads	lead_version	status_notes_last_mod_date	33
leads	lead_version	customer_id	36
leads	lead_version	product_line_id	40
leads	lead_version	secondary_lead_project_owner_id	42
leads	lead_version	source_id	43
leads	lead_version	technology_id	44
leads	lead_version	vertical_id	45
leads	lead_version	po_number	46
leads	lead_version	sku	55
leads	lead_version	prev_booking	56
leads	lead_version	deliveries_per_booking	59
leads	lead_version	license_quantity	60
leads	lead_version	supporting_pm	62
leads	lead_version	customer_email	63
leads	lead_version	discount_pct	66
leads	lead_version	sales_level1	67
leads	lead_version	sales_level3	69
leads	lead_version	sales_level4	70
leads	lead_version	accrual_end_date	72
leads	lead_version	accrual_start_date	73
leads	lead_version	admin_email	74
leads	lead_version	adopted_license_count	76
leads	lead_version	entitled_license_count	78
leads	lead_version	booking_vehicle_expiration	82
leads	lead_version_so_number_data_list	so_number_data_list_id	2
leads	lead_vertical	modified_by	5
leads	lead_vertical	modified_on	6
leads	performance_analysis_saved_plan	deleted	4
leads	quarter_summarylsplan_saved	created_on	3
leads	quarter_summarylsplan_saved	deleted	4
leads	quarter_summarylsplan_saved	modified_by	5
leads	quarter_summary_booking_and_redemption_saved	modified_on	6
leads	quarter_summary_booking_and_redemption_saved	fiscal_year	7
leads	quarter_summary_quarter_amounts_saved	fiscal_year	7
leads	quarter_summary_quarter_amounts_saved	json	8
leads	quarter_summary_quarter_amounts_saved	name	9
leads	sales_level1	created_by	2
leads	sales_level1	created_on	3
leads	sales_level2	id	1
leads	sales_level2	created_by	2
leads	sales_level2	created_on	3
leads	sales_level3	created_on	3
leads	sales_level3	modified_on	6
leads	sales_level3	name	7
leads	sales_level4	modified_on	6
leads	sales_level4	level3_id	8
leads	sales_level5	id	1
leads	sales_level5	modified_on	6
leads	sales_level6	deleted	4
leads	sales_level6	modified_by	5
leads	sales_level6	name	7
leads	year_to_date_booking_saved_plan	modified_on	6
lsbmt	booking	productid	6
lsbmt	booking	contract_number	11
lsbmt	booking	date_booked	13
lsbmt	booking	license_end	15
lsbmt	booking	subscription_term_desc	22
lsbmt	booking	accrual_offset	23
lsbmt	booking	createdby	30
lsbmt	booking	created_date	31
lsbmt	booking	updatedby	32
lsbmt	booking_transaction_join	booking_id	1
lsbmt	booking_transaction_join	transaction_id	2
lsbmt	import_template	product_id	3
lsbmt	import_template	fields	4
lsbmt	license	license_type	3
lsbmt	license	theater_id	5
lsbmt	license	description	6
lsbmt	license	createdby	11
lsbmt	linked_sales_orders	sales_order_id	1
lsbmt	linked_sales_orders	linked_sales_order_id	2
lsbmt	month_lookup	quarter_name	2
lsbmt	month_lookup	month	3
lsbmt	product	id	1
lsbmt	product	name	2
lsbmt	product	acronym	3
lsbmt	quarter_lookup	quarter	3
lsbmt	quarter_lookup	start_date	6
lsbmt	role	name	2
lsbmt	sales_order	status_id	5
lsbmt	sales_order	country	10
lsbmt	sales_order	theater_id	13
lsbmt	sales_order	sales_level_4	19
lsbmt	sales_order	line_of_business	22
lsbmt	sales_order	end_customer_vm_top	23
lsbmt	sales_order	sector	24
lsbmt	sales_order	license_start	32
lsbmt	sales_order	license_end	33
lsbmt	sales_order	so_total_list_price	36
lsbmt	sales_order	customer_email	42
lsbmt	sales_order	shipping_contact_name	45
lsbmt	sales_order	two_month_email	47
lsbmt	sales_order	notes	49
lsbmt	sales_order	prior_booking_renewal	50
lsbmt	sales_order	updated_date	54
lsbmt	status	description	3
lsbmt	status	status	4
lsbmt	transaction	sold_to_erp_customer_name	8
lsbmt	transaction	erp_sales_order_number	9
lsbmt	transaction	sales_agent	21
lsbmt	transaction	customer_contact_name	24
lsbmt	transaction	shipping_contact_email	25
lsbmt	transaction	product_bookings_quantity	27
lsbmt	transaction	sales_level_4	34
lsbmt	transaction	so_line_status	44
lsbmt	transaction	build_type	48
lsbmt	transaction	new_renewal	49
lsbmt	transaction	notes	50
lsbmt	transaction	createdby	51
lsbmt	transaction	created_date	52
lsbmt	user	cec_user_id	2
lsbmt	user	name	3
lsbmt	user	created_dt	7
lsbmt	user_product_email	email_product_id	2
lsbmt	user_role	user_id	1
rmt	addresses	state	5
rmt	addresses	updated_at	9
rmt	address_reservation	reservation_id	2
rmt	attachments	file_name	4
rmt	attachments	upload_type	5
rmt	attachments	created_at	7
rmt	calendar	date	1
rmt	calendar	d	5
rmt	calendar	dw	6
rmt	calendar	month	9
rmt	calendar	day	10
rmt	companies	origin	4
rmt	contacts	location_id	3
rmt	contacts	name	4
rmt	contacts	email	5
rmt	contacts	phone	6
rmt	contacts	notes	8
rmt	contacts	raw	9
rmt	contacts	created_at	10
rmt	countries	id	1
rmt	countries	created_at	3
rmt	courses	owner_id	3
rmt	courses	name	8
rmt	courses	code	9
rmt	courses	duration	11
rmt	courses	seat_price	12
rmt	courses	deleted_at	18
rmt	course_labs	lab_id	2
rmt	customers	lestat_id	2
rmt	customers	updated_at	7
rmt	customers	deleted_at	8
rmt	externals	implementation	2
rmt	externals	external_id	5
rmt	externals	message	8
rmt	externals	internally_updated_at	9
rmt	external_audit	action	3
rmt	global_virtual_sales	company_admin_last_name	4
rmt	global_virtual_sales	admin_is_user	7
rmt	groups	id	1
rmt	groups	created_at	4
rmt	groups	updated_at	5
rmt	instructors	first_name	7
rmt	instructors	province	9
rmt	instructor_schedules	deleted_at	9
rmt	jobs	queue	2
rmt	jobs	created_at	8
rmt	labs	lestat_id	2
rmt	labs	digital	6
rmt	labs	created_at	7
rmt	labs	deleted_at	9
rmt	lab_reservations	reservation_id	3
rmt	languages	ietf	2
rmt	languages	lang	3
rmt	locations	id	1
rmt	locations	lestat_id	3
rmt	locations	city	8
rmt	locations	zip	10
rmt	locations	gmt_offset	11
rmt	locations	timezone	12
rmt	location_reservation	reservation_id	2
rmt	location_reservation	type	3
rmt	migrations	migration	1
rmt	migrations	batch	2
rmt	offerings	id	1
rmt	offerings	reservation_id	3
rmt	offerings	name	4
rmt	offerings	telepresence	8
rmt	offerings	virtual	9
rmt	offerings	ctod	10
rmt	offerings	seats_min	11
rmt	offerings	created_at	13
rmt	options	autoload	4
rmt	partners	id	1
rmt	partners	lestat_id	2
rmt	permissions	created_at	4
rmt	practices	created_at	3
rmt	reservations	sla_type	4
rmt	reservations	bdm_id	9
rmt	reservations	partner_id	13
rmt	reservations	course_id	14
rmt	reservations	modality_id	17
rmt	reservations	hours	21
rmt	reservations	requested_by	22
rmt	reservations	requested_date	23
rmt	reservations	requested_instructor_id	28
rmt	reservations	instructor_assigned_date	30
rmt	reservations	location_id	33
rmt	reservations	alternate_location_id	35
rmt	reservations	location_reviewed_date	37
rmt	reservations	location_reason	39
rmt	reservations	price	44
rmt	reservations	extended_price	45
rmt	roles	label	3
rmt	role_user	user_id	2
rmt	role_user	active	3
rmt	rooms	lestat_id	2
rmt	rooms	location_id	3
rmt	rooms	building	5
rmt	rosters	id	1
rmt	rosters	student_id	2
rmt	rosters	reservation_id	3
rmt	rosters	created_at	4
rmt	rosters	updated_at	5
rmt	sales_orders	learning_credits_used	5
rmt	sessions	payload	2
rmt	students	last_name	6
rmt	students	title	7
rmt	students	email	8
rmt	students	alternate_email	9
rmt	students	address	10
rmt	students	postal	13
rmt	students	country	14
rmt	throttle	id	1
rmt	throttle	ip_address	3
rmt	throttle	last_attempt_at	7
rmt	throttle	suspended_at	8
rmt	throttle	banned_at	9
rmt	users	id	1
rmt	users	last_name	15
rmt	users	updated_at	17
rmt	users_groups	user_id	1
rmt	versions	id	1
rmt	versions	product_id	2
rmt	versions	version	3
rmt	webservice_audits	our_id	4
rmt	webservice_audits	created_at	10
rmt	webservice_errors	entity	3
rmt	webservice_errors	code	6
rmt	webservice_errors	line	9
rmt	webservice_errors	created_at	11
rmt	webservice_syncs	date	3
rmt	webservice_syncs	entity	4
rmt	webservice_syncs	runs	6
rmt	webservice_syncs	found	7
rmt	webservice_syncs	new	8
rmt	webservice_syncs	failed	11
rmt	webservice_syncs	status	12
soars	attachment	created_by	2
soars	attachment	modified_by	5
soars	attachment	description	7
soars	attachment	path_to_file	10
soars	attpayment	created_by	2
soars	attpayment	email	7
soars	attpayment	is_active	8
soars	attpayment	totalclcs_used_to_date	13
soars	attrequestor	id	1
soars	attrequestor	deleted	4
soars	attrequestor	modified_on	6
soars	bdm_project_manager_duo	bdm_id	7
soars	bdm_project_manager_duo	finance_manager_id	9
soars	booked_all_big_data	deleted	4
soars	booked_all_big_data	customer_name	11
soars	booked_all_big_data	fiscal_month	15
soars	booked_all_big_data	so_number	20
soars	bupercentage_split	category_type	7
soars	company	modified_by	5
soars	company	company_add1	7
soars	company	company_state	12
soars	company	portfolio	22
soars	company	company_origin	24
soars	company_tracking	created_by	2
soars	country	created_by	2
soars	country	modified_on	6
soars	country	lestat_id	7
soars	country	name	8
soars	country	current_theater_id	9
soars	countryinfo	iso_alpha2	2
soars	countryinfo	iso_alpha3	3
soars	countryinfo	geonameid	6
soars	course	clicommands	7
soars	course	course_topology_file_name	18
soars	course	date_time	25
soars	course	developer_notes	30
soars	course	duration	31
soars	course	is_internal_course	33
soars	course	lab_outline	34
soars	course	materials	36
soars	course	objectives	38
soars	course	outline	39
soars	course	pic_acronym	40
soars	course	pic_delivery_method	45
soars	course	srp	58
soars	course	course_domain_id	62
soars	course	course_revised_id	64
soars	course_attachment	id	1
soars	course_attachment	deleted	4
soars	course_attachment	modified_on	6
soars	course_domain	deleted	4
soars	course_domain	cln_program_code	7
soars	course_domain	course_domain_id	8
soars	course_instructor	created_by	2
soars	course_instructor	dev	7
soars	course_instructor	instructor_id	16
soars	course_instructor	training	17
soars	course_lab_system	created_by	2
soars	course_lab_system	created_on	3
soars	course_lab_system	lestat_id	7
soars	course_lab_system	lab_system_id	9
soars	course_modality	id	1
soars	course_modality	modified_by	5
soars	course_modality	modified_on	6
soars	course_modality	name	7
soars	course_note	created_by	2
soars	course_note	deleted	4
soars	course_note	note	8
soars	credit_card	cc_comments	10
soars	credit_card	is_cancelled	20
soars	credit_card	is_invoiced	22
soars	credit_card	is_recognized	23
soars	credit_card	payment_date	26
soars	credit_card	so_number	29
soars	credit_card	trans_sub	34
soars	credit_card	transaction_number	35
soars	credit_card	student_id	36
soars	customer	created_by	2
soars	customer	lestat_id	8
soars	customer	name	9
soars	customer_sub_org	id	1
soars	customer_tracking	modified_by	5
soars	email_template	cancellation_policy	7
soars	email_template	is_web_access	15
soars	email_template	student_logistics	17
soars	email_template	is_non_standard	21
soars	email_template	email_type	23
soars	email_template	customer_logistics	26
soars	enrollment	modified_by	5
soars	enrollment	modified_on	6
soars	enrollment	emsreg_number	7
soars	enrollment	confirmation_number	10
soars	enrollment	program_code	16
soars	enrollment	discount	29
soars	enrollment	booked	31
soars	enrollment	gilmore_order_number	32
soars	enrollmentfphitem	enrollment_id	7
soars	enrollment_tracking	modified_on	6
soars	expense	id	1
soars	expense	deleted	4
soars	expense	amount	8
soars	expense	line	18
soars	expense	requestor	27
soars	finance	created_by	2
soars	finance	modified_by	5
soars	finance	contract_month	9
soars	finance	deal_id	11
soars	finance	deal_type	12
soars	finance	enrollment_type	14
soars	finance	month2months	20
soars	finance	project_id	22
soars	finance	sub_type	24
soars	finance	learning_credit_id	27
soars	finance	management_report_id	28
soars	fin_bi_cogs	id	1
soars	fin_bi_cogs	modified_by	5
soars	fin_bi_cogs	company_name	12
soars	fin_bi_cogs	fiscal_year	18
soars	fin_bi_cogs	usd_net	27
soars	fiscal_period_day	created_on	3
soars	fiscal_period_day	deleted	4
soars	fiscal_period_day	modified_on	6
soars	fiscal_period_month	id	1
soars	fiscal_period_month	modified_by	5
soars	forecast_amount	accounting_type	7
soars	fph	id	1
soars	fph	modified_by	5
soars	fph	amount	7
soars	fph	discount_percent	10
soars	fph	extfphid	12
soars	fph	fph_comments	13
soars	fph	part_number	16
soars	fph	po_number	17
soars	fph	revenue	18
soars	fph	so_comments	19
soars	fph	company_id	22
soars	fph	gilmore_batch_id	24
soars	fph	learning_credit_id	25
soars	fph	theater_id	28
soars	fph	ts_advantage_id	29
soars	fph	lc_submitted	31
soars	fphenrollment_item	deleted	4
soars	fphenrollment_item	enrollment_id	7
soars	fphenrollment_item	fph_id	8
soars	fphinstance_item	created_on	3
soars	fphinstance_item	deleted	4
soars	fphinstance_item	modified_by	5
soars	fphinstance_item	instance_id	9
soars	fphinstance_item	lcmt_debit_attempt_count	10
soars	geoname	id	1
soars	geoname	admin1	6
soars	geoname	admin2	7
soars	geoname	deleted	11
soars	gilmoresku	created_by	2
soars	gilmoresku	created_on	3
soars	gilmoresku	course_title	8
soars	gilmoresku	lestat_id	10
soars	gilmoresku	part_number	11
soars	gilmore_batch	revenue	13
soars	gilmore_batch	submitted_on	15
soars	gilmore_batch_tracking	created_on	3
soars	gilmore_batch_tracking	modified_by	5
soars	gilmore_company	id	1
soars	gilmore_company	created_by	2
soars	gilmore_company	created_on	3
soars	gilmore_company	modified_on	6
soars	gilmore_company	cln_bundle_identifier	8
soars	gilmore_company	clsp_name	11
soars	gilmore_company	extended_price	14
soars	gilmore_company	lp_bill_to_city	18
soars	gilmore_company	lp_bill_to_company	19
soars	gilmore_company	lp_bill_to_contact_email	20
soars	gilmore_company	lp_offering_location_code	26
soars	gilmore_company	lp_offering_start_date	27
soars	gilmore_company	lp_ship_to_address	28
soars	gilmore_company	lp_ship_to_city	30
soars	gilmore_company	ls_part_number	38
soars	gilmore_company	po_number	40
soars	gilmore_company_tracking	created_by	2
soars	gilmore_company_tracking	deleted	4
soars	gilmore_company_tracking	gilmore_company_id	7
soars	global_virtual_sales	created_by	2
soars	global_virtual_sales	created_on	3
soars	global_virtual_sales	modified_by	5
soars	global_virtual_sales	admin_contact_first_name	7
soars	global_virtual_sales	approver	9
soars	global_virtual_sales	cisco_am_cec	11
soars	global_virtual_sales	is_admin_student	18
soars	global_virtual_sales	is_voucher_programccna	19
soars	global_virtual_sales	subcription_type	20
soars	instance	created_by	2
soars	instance	created_on	3
soars	instance	deleted	4
soars	instance	advertised_price	9
soars	instance	att_number_of_clc	14
soars	instance	att_payment_status	15
soars	instance	att_requestor_name	16
soars	instance	instance_customer_name	27
soars	instance	is_dpc_print_required	30
soars	instance	is_in_special_group	31
soars	instance	lestat_id	40
soars	instance	next_instance_id	41
soars	instance	note	42
soars	instance	po_number	43
soars	instance	previous_instance_id	44
soars	instance	so_number	47
soars	instance	supplier_po	50
soars	instance	type	53
soars	instance	acct_mngr_id	54
soars	instance	customer_id	57
soars	instance	learning_credit_id	63
soars	instance	purchase_order_id	67
soars	instance	t2payurl	72
soars	instance	bdm_id	74
soars	instance	custom_end_date	75
soars	instance	finance_manager_id	78
soars	instance	is_learning_partner_class	79
soars	instance	enrollment_projection	81
soars	instance	la_id	86
soars	instance	lab_dev_contact_email	88
soars	instance	mr_percentage	92
soars	instance	cancellation_email_sent	95
soars	instance	is_provisioned	99
soars	instance	provisioned_date	101
soars	instance	extended_price	104
soars	instance	list_price	105
soars	instance	iscpll_conversion	106
soars	instance	survey_done	111
soars	instance	booked	116
soars	instance	partner_name	121
soars	instance_attachment	created_on	3
soars	instance_attachment	deleted	4
soars	instance_instructor	id	1
soars	instance_instructor	created_on	3
soars	instance_instructor	modified_by	5
soars	instance_instructor	lestat_id	7
soars	instance_instructor	instance_id	8
soars	instance_instructor	instructor_id	9
soars	instance_instructor	instructor_po_number	12
soars	instance_instructor	supplier_name	14
soars	instance_modality	modified_by	5
soars	instance_modification	created_by	2
soars	instance_modification	modified_by	5
soars	instance_modification	modified_on	6
soars	instance_modification	location_modif	10
soars	instance_sales_order	created_on	3
soars	instance_sales_order	sales_order_id	8
soars	instance_tracking	modified_on	6
soars	instructor	modified_on	6
soars	instructor	company	7
soars	instructor	email	8
soars	instructor	phone	12
soars	instructor_group	created_by	2
soars	instructor_tracking	id	1
soars	instructor_tracking	modified_on	6
soars	instructor_tracking	instructor_id	7
soars	instructor_type	created_by	2
soars	instructor_type	deleted	4
soars	instructor_type	modified_on	6
soars	lab_system	name	9
soars	lab_system	is_web_access	11
soars	lab_system	isdcloud	18
soars	lab_system	isepnm	19
soars	lcmt_monthly	Sales Theater	1
soars	lcmt_monthly	CLP Type	2
soars	lcmt_monthly	Orginal SO	6
soars	lcmt_monthly	Class Start Date	24
soars	lcmt_monthly	Reimbursed Percentage	28
soars	lcmt_monthly	Revenue Transfer Amount	31
soars	lcmt_monthly	Revenue Transfer Amount_1	32
soars	lcmt_monthly	Purchase Per LC	36
soars	lcmt_monthly	Comments	42
soars	lcmt_monthly	id	44
soars	learning_credit	created_by	2
soars	learning_credit	created_on	3
soars	learning_credit	modified_by	5
soars	learning_credit	eom	7
soars	learning_credit	amount	8
soars	learning_credit	claim_hold_status	12
soars	learning_credit	completed_status	17
soars	learning_credit	credits_charged	19
soars	learning_credit	delivery_type	21
soars	learning_credit	enrollment_type	23
soars	learning_credit	fin_rec_keep_peer_group	25
soars	learning_credit	financial_group	26
soars	learning_credit	lestat_id	28
soars	learning_credit	lob	29
soars	learning_credit	payment_date	31
soars	learning_credit	po_booked_date	32
soars	learning_credit	revenue	39
soars	learning_credit	so_comments	40
soars	learning_credit	status	44
soars	learning_credit	tkl_transaction	46
soars	learning_credit	trans_comments	47
soars	learning_credit	trans_date	48
soars	learning_credit	type	51
soars	learning_credit	theater_id	53
soars	learning_credit	lead_id	55
soars	learning_credit	finance_manager_id	56
soars	learning_credit	week	57
soars	learning_credit	islcs_redeem_cancelled_on_lcmt	58
soars	learning_credit_generic_item	deleted	4
soars	learning_credit_generic_item	modified_on	6
soars	learning_credit_generic_item	company_id	15
soars	learning_credit_instance_item	created_by	2
soars	learning_credit_instance_item	modified_by	5
soars	learning_credit_instance_item	credits_charged	7
soars	learning_credit_instance_item	company_id	11
soars	learning_credit_tracking	modified_by	5
soars	learning_credit_tracking	lc_id	7
soars	learning_partner	modified_by	5
soars	learning_partner	lestat_id	8
soars	location	created_on	3
soars	location	deleted	4
soars	location	address1	9
soars	location	address2	10
soars	location	building	11
soars	location	city	13
soars	location	contact	14
soars	location	easel	18
soars	location	electricity	19
soars	location	notes	24
soars	location	onsite	25
soars	management_report	created_by	2
soars	management_report	approval_date	10
soars	management_report	comments	16
soars	management_report	deal_id	19
soars	management_report	deal_type	20
soars	management_report	delivery_date	21
soars	management_report	group_type	25
soars	management_report	lob	27
soars	management_report	month3months	30
soars	management_report	mr_comments	31
soars	management_report	part_number	33
soars	management_report	product_type	34
soars	management_report	sub_type	41
soars	management_report	tkl_transaction	42
soars	management_report	week	48
soars	management_report_instance_item	modified_on	6
soars	management_report_revenue_archive	revenue	16
soars	management_report_revenue_archive	sales_theater	17
soars	management_report_revenue_archive	so_number	18
soars	management_report_revenue_archive	status	19
soars	management_report_tracking	mr_id	7
soars	manager_report_fields	id	1
soars	migrations	batch	3
soars	modified_enrollment_description	field_map_key	3
soars	modified_enrollment_fields	id	1
soars	modified_gilmore_batch_fields	modified_field	2
soars	modified_gilmore_company_description	id	1
soars	modified_insatnce_description	id	1
soars	modified_insatnce_description	modified_field_description	2
soars	modified_instructor_fields	id	1
soars	modified_lab_system_description	modified_field_description	2
soars	modified_lab_system_fields	modified_field	2
soars	modified_lc_description	id	1
soars	modified_lc_description	modified_field_description	2
soars	modified_mr_description	field_map_key	3
soars	modified_partner_description	modified_field_description	2
soars	modified_po_description	field_map_key	3
soars	modified_theater_description	modified_field_description	2
soars	partner	created_on	3
soars	partner	auto_report	7
soars	partner	ndmorder_email_id	13
soars	partner	reseller_program	17
soars	partner_courses	partner_id	1
soars	partner_theaters	partner_id	1
soars	partner_tracking	created_by	2
soars	partner_tracking	modified_on	6
soars	partner_tracking	partner_id	7
soars	password_resets	email	1
soars	payment_method	id	1
soars	payment_method	created_by	2
soars	payment_method	deleted	4
soars	payment_method	modified_by	5
soars	payment_method	lestat_id	7
soars	peer_group	modified_on	6
soars	planner	deleted	4
soars	planner	planer_status	8
soars	planner	planner_last_name	11
soars	planner_report_description	id	1
soars	planner_report_description	report_field_map_key	3
soars	planner_report_tracking	deleted	4
soars	planner_report_tracking	modified_by	5
soars	planner_roles	planner_id	1
soars	plan_amount	created_on	3
soars	plan_amount	accounting_type	7
soars	plan_amount	amount	8
soars	plan_amount	fiscal_year	10
soars	project_manager_report_tracking	id	1
soars	purchase_order	created_on	3
soars	purchase_order	deleted	4
soars	purchase_order	modified_on	6
soars	purchase_order	asptquote	7
soars	purchase_order	booked	8
soars	purchase_order	dealid	11
soars	purchase_order	deal_type	12
soars	purchase_order	delivery_type	13
soars	purchase_order	enrollment_type	14
soars	purchase_order	financial_group	15
soars	purchase_order	invoice_submit_date	20
soars	purchase_order	lestat_id	22
soars	purchase_order	po_amount	24
soars	purchase_order	po_booked_date	26
soars	purchase_order	po_credit	29
soars	purchase_order	po_recognized	33
soars	purchase_order	po_submitted	36
soars	purchase_order	fin_rec_keep_peer_group_id	48
soars	purchase_order	theater_id	50
soars	purchase_order_generic_item	created_by	2
soars	purchase_order_generic_item	created_on	3
soars	purchase_order_generic_item	deleted	4
soars	purchase_order_generic_item	modified_on	6
soars	purchase_order_generic_item	item_num	9
soars	purchase_order_generic_item	start_date	13
soars	purchase_order_generic_item	company_id	15
soars	purchase_order_generic_item	purchase_order_id	16
soars	purchase_order_instance_item	item_num	7
soars	purchase_order_instance_item	company_id	11
soars	purchase_order_instance_item	instance_id	12
soars	purchase_order_tracking	po_id	7
soars	revenue_all_big_data	created_on	3
soars	revenue_all_big_data	modified_on	6
soars	revenue_all_big_data	delivery_type	10
soars	revenue_all_big_data	enrollment_type	11
soars	revenue_all_big_data	revenue	17
soars	revenue_all_big_data	type	23
soars	sales_order	lc_coverted	9
soars	sales_order	lc_submitted	12
soars	sales_order	learning_credit_percentage	16
soars	sales_order	tsa_percentage	19
soars	sales_order	gilmore_batch_id	24
soars	sales_orderlc	created_by	2
soars	sales_order_learning_credit	sales_orderlc_id	8
soars	sales_theater	id	1
soars	sales_theater	created_by	2
soars	sales_theater	lestat_id	7
soars	student	created_by	2
soars	student	deleted	4
soars	student	modified_on	6
soars	student	address2	8
soars	student	company	12
soars	student	company_type	13
soars	student	customer_id	24
soars	student	cco_id	26
soars	supplier_pr	created_by	2
soars	supplier_pr	created_on	3
soars	supplier_pr	modified_on	6
soars	supplier_pr	date	9
soars	supplier_pr	lab_paid_by_department	11
soars	supplier_pr	instance_id	17
soars	supplier_pr	supplier_id	19
soars	system_user	created_on	3
soars	system_user	modified_by	5
soars	system_user	first_name	7
soars	system_user	login_count	11
soars	system_user	username	14
soars	system_user_role	created_on	3
soars	system_user_role	modified_on	6
soars	system_user_role_permission	created_by	2
soars	system_user_role_permission	created_on	3
soars	system_user_role_permission	modified_by	5
soars	system_user_role_permission	modified_on	6
soars	system_user_role_permissions	system_user_role_id	1
soars	system_user_role_permissions	permissions_id	2
soars	technology	deleted	4
soars	technology	modified_on	6
soars	theater	id	1
soars	theater	created_on	3
soars	theater	lestat_id	7
soars	theater_tracking	created_by	2
soars	time_zone	gmt_offset	4
soars	tsadvantage	id	1
soars	tsadvantage	modified_by	5
soars	tsadvantage	approved_by	10
soars	tsadvantage	booked_date	13
soars	tsadvantage	comments	14
soars	tsadvantage	delivery_type	19
soars	tsadvantage	end_date	20
soars	tsadvantage	enrollment_type	21
soars	tsadvantage	erp_deal_id	22
soars	tsadvantage	lestat_id	24
soars	tsadvantage	lob	25
soars	tsadvantage	part_number	27
soars	tsadvantage	project_id	28
soars	tsadvantage	start_date	31
soars	tsadvantage	trans_sub	34
soars	tsadvantage	company_id	36
soars	tsadvantage	theater_id	37
soars	tsadvantage	metal_type	38
soars	tsadvantage	lead_id	40
soars	tsadvantage	portfolio	43
soars	tsadvantage_instance_item	created_by	2
soars	tsadvantage_instance_item	modified_on	6
soars	tsadvantage_tracking	modified_on	6
soars	vendor	contact_name	8
soars	vendor	name	11
soars	vendor	status	12
soars	workload_report_description	report_field_map_key	3
soars	workload_report_tracking	created_by	2
soars	workload_report_tracking	created_on	3
soars	workload_report_tracking	deleted	4
soars	workload_report_tracking	modified_by	5
soars	workload_report_tracking	modified_on	6
